Last login: Mon Oct 31 18:34:30 on ttys000
➜  ~ cd cx3_8
cd: no such file or directory: cx3_8
➜  ~ ls
AndroidStudioProjects Library               Sites
Applications          Movies                bin
Desktop               Music                 junit
Documents             Pictures
Downloads             Public
➜  ~ cd Desktop
➜  Desktop cd cx3_8 
➜  cx3_8 ls
week_1
➜  cx3_8 cd week_1
➜  week_1 ls
day_1
➜  week_1 mkdir day_2
➜  week_1 ls
day_1 day_2
➜  week_1 cd day_2
➜  day_2 touch recap
➜  day_2 ls
recap
➜  day_2 git init
Initialized empty Git repository in /Users/user/Desktop/cx3_8/week_1/day_2/.git/
➜  day_2 git:(master) ✗ ls
recap
➜  day_2 git:(master) ✗ git add recap
➜  day_2 git:(master) ✗ git status
On branch master

Initial commit

Changes to be committed:
  (use "git rm --cached <file>..." to unstage)

	new file:   recap

➜  day_2 git:(master) ✗ git commit -m "recap day 1"
[master (root-commit) 8e9532f] recap day 1
 1 file changed, 0 insertions(+), 0 deletions(-)
 create mode 100644 recap
➜  day_2 git:(master) git remote add origin git@github.com:JaneCargill/turbo-palm-tree.git
➜  day_2 git:(master) git push origin master
Counting objects: 3, done.
Writing objects: 100% (3/3), 210 bytes | 0 bytes/s, done.
Total 3 (delta 0), reused 0 (delta 0)
To git@github.com:JaneCargill/turbo-palm-tree.git
 * [new branch]      master -> master
➜  day_2 git:(master) git mv recap recapamend
➜  day_2 git:(master) ✗ git status
On branch master
Changes to be committed:
  (use "git reset HEAD <file>..." to unstage)

	renamed:    recap -> recapamend

➜  day_2 git:(master) ✗ git commit -m "amended recap file"
[master cb6fe63] amended recap file
 1 file changed, 0 insertions(+), 0 deletions(-)
 rename recap => recapamend (100%)
➜  day_2 git:(master) git push origin master
Counting objects: 2, done.
Writing objects: 100% (2/2), 238 bytes | 0 bytes/s, done.
Total 2 (delta 0), reused 0 (delta 0)
To git@github.com:JaneCargill/turbo-palm-tree.git
   8e9532f..cb6fe63  master -> master
➜  day_2 git:(master) 
